\BOOKMARK [0][-]{chapter.1}{\376\377\0001\000\040\000N\000a\000m\000e\000s\000p\000a\000c\000e\000\040\000I\000n\000d\000e\000x}{}% 1
\BOOKMARK [1][-]{section.1.1}{\376\377\0001\000.\0001\000\040\000N\000a\000m\000e\000s\000p\000a\000c\000e\000\040\000L\000i\000s\000t}{chapter.1}% 2
\BOOKMARK [0][-]{chapter.2}{\376\377\0002\000\040\000C\000l\000a\000s\000s\000\040\000I\000n\000d\000e\000x}{}% 3
\BOOKMARK [1][-]{section.2.1}{\376\377\0002\000.\0001\000\040\000C\000l\000a\000s\000s\000\040\000L\000i\000s\000t}{chapter.2}% 4
\BOOKMARK [0][-]{chapter.3}{\376\377\0003\000\040\000F\000i\000l\000e\000\040\000I\000n\000d\000e\000x}{}% 5
\BOOKMARK [1][-]{section.3.1}{\376\377\0003\000.\0001\000\040\000F\000i\000l\000e\000\040\000L\000i\000s\000t}{chapter.3}% 6
\BOOKMARK [0][-]{chapter.4}{\376\377\0004\000\040\000N\000a\000m\000e\000s\000p\000a\000c\000e\000\040\000D\000o\000c\000u\000m\000e\000n\000t\000a\000t\000i\000o\000n}{}% 7
\BOOKMARK [1][-]{section.4.1}{\376\377\0004\000.\0001\000\040\000G\000P\000S\000M\000o\000n\000i\000t\000o\000r\000\040\000N\000a\000m\000e\000s\000p\000a\000c\000e\000\040\000R\000e\000f\000e\000r\000e\000n\000c\000e}{chapter.4}% 8
\BOOKMARK [2][-]{subsection.4.1.1}{\376\377\0004\000.\0001\000.\0001\000\040\000V\000a\000r\000i\000a\000b\000l\000e\000\040\000D\000o\000c\000u\000m\000e\000n\000t\000a\000t\000i\000o\000n}{section.4.1}% 9
\BOOKMARK [3][-]{subsubsection.4.1.1.1}{\376\377\0004\000.\0001\000.\0001\000.\0001\000\040\000g\000p\000s\000\137\000m\000o\000n\000i\000t\000o\000r}{subsection.4.1.1}% 10
\BOOKMARK [0][-]{chapter.5}{\376\377\0005\000\040\000C\000l\000a\000s\000s\000\040\000D\000o\000c\000u\000m\000e\000n\000t\000a\000t\000i\000o\000n}{}% 11
\BOOKMARK [1][-]{section.5.1}{\376\377\0005\000.\0001\000\040\000G\000P\000S\000T\000r\000a\000c\000k\000e\000r\000:\000:\000G\000P\000S\000D\000a\000t\000a\000\040\000C\000l\000a\000s\000s\000\040\000R\000e\000f\000e\000r\000e\000n\000c\000e}{chapter.5}% 12
\BOOKMARK [2][-]{subsection.5.1.1}{\376\377\0005\000.\0001\000.\0001\000\040\000D\000e\000t\000a\000i\000l\000e\000d\000\040\000D\000e\000s\000c\000r\000i\000p\000t\000i\000o\000n}{section.5.1}% 13
\BOOKMARK [2][-]{subsection.5.1.2}{\376\377\0005\000.\0001\000.\0002\000\040\000C\000o\000n\000s\000t\000r\000u\000c\000t\000o\000r\000\040\000\046\000\040\000D\000e\000s\000t\000r\000u\000c\000t\000o\000r\000\040\000D\000o\000c\000u\000m\000e\000n\000t\000a\000t\000i\000o\000n}{section.5.1}% 14
\BOOKMARK [3][-]{subsubsection.5.1.2.1}{\376\377\0005\000.\0001\000.\0002\000.\0001\000\040\000G\000P\000S\000D\000a\000t\000a\000\050\000\051}{subsection.5.1.2}% 15
\BOOKMARK [2][-]{subsection.5.1.3}{\376\377\0005\000.\0001\000.\0003\000\040\000M\000e\000m\000b\000e\000r\000\040\000F\000u\000n\000c\000t\000i\000o\000n\000\040\000D\000o\000c\000u\000m\000e\000n\000t\000a\000t\000i\000o\000n}{section.5.1}% 16
\BOOKMARK [3][-]{subsubsection.5.1.3.1}{\376\377\0005\000.\0001\000.\0003\000.\0001\000\040\000c\000o\000n\000v\000e\000r\000t\000e\000r\000\137\000l\000a\000t\000\137\000l\000o\000n\000\050\000\051}{subsection.5.1.3}% 17
\BOOKMARK [3][-]{subsubsection.5.1.3.2}{\376\377\0005\000.\0001\000.\0003\000.\0002\000\040\000p\000a\000r\000s\000i\000n\000g\000\050\000\051}{subsection.5.1.3}% 18
\BOOKMARK [3][-]{subsubsection.5.1.3.3}{\376\377\0005\000.\0001\000.\0003\000.\0003\000\040\000t\000o\000\137\000c\000s\000v\000\050\000\051}{subsection.5.1.3}% 19
\BOOKMARK [2][-]{subsection.5.1.4}{\376\377\0005\000.\0001\000.\0004\000\040\000M\000e\000m\000b\000e\000r\000\040\000D\000a\000t\000a\000\040\000D\000o\000c\000u\000m\000e\000n\000t\000a\000t\000i\000o\000n}{section.5.1}% 20
\BOOKMARK [3][-]{subsubsection.5.1.4.1}{\376\377\0005\000.\0001\000.\0004\000.\0001\000\040\000d\000a\000t\000a}{subsection.5.1.4}% 21
\BOOKMARK [3][-]{subsubsection.5.1.4.2}{\376\377\0005\000.\0001\000.\0004\000.\0002\000\040\000p\000a\000t\000t\000e\000r\000n}{subsection.5.1.4}% 22
\BOOKMARK [1][-]{section.5.2}{\376\377\0005\000.\0002\000\040\000G\000P\000S\000M\000o\000n\000i\000t\000o\000r\000.\000G\000P\000S\000M\000o\000n\000i\000t\000o\000r\000\040\000C\000l\000a\000s\000s\000\040\000R\000e\000f\000e\000r\000e\000n\000c\000e}{chapter.5}% 23
\BOOKMARK [2][-]{subsection.5.2.1}{\376\377\0005\000.\0002\000.\0001\000\040\000D\000e\000t\000a\000i\000l\000e\000d\000\040\000D\000e\000s\000c\000r\000i\000p\000t\000i\000o\000n}{section.5.2}% 24
\BOOKMARK [2][-]{subsection.5.2.2}{\376\377\0005\000.\0002\000.\0002\000\040\000C\000o\000n\000s\000t\000r\000u\000c\000t\000o\000r\000\040\000\046\000\040\000D\000e\000s\000t\000r\000u\000c\000t\000o\000r\000\040\000D\000o\000c\000u\000m\000e\000n\000t\000a\000t\000i\000o\000n}{section.5.2}% 25
\BOOKMARK [3][-]{subsubsection.5.2.2.1}{\376\377\0005\000.\0002\000.\0002\000.\0001\000\040\000\137\000\137\000i\000n\000i\000t\000\137\000\137\000\050\000\051}{subsection.5.2.2}% 26
\BOOKMARK [2][-]{subsection.5.2.3}{\376\377\0005\000.\0002\000.\0003\000\040\000M\000e\000m\000b\000e\000r\000\040\000F\000u\000n\000c\000t\000i\000o\000n\000\040\000D\000o\000c\000u\000m\000e\000n\000t\000a\000t\000i\000o\000n}{section.5.2}% 27
\BOOKMARK [3][-]{subsubsection.5.2.3.1}{\376\377\0005\000.\0002\000.\0003\000.\0001\000\040\000c\000o\000n\000v\000e\000r\000s\000i\000o\000n\000\137\000u\000t\000c\000\137\000t\000o\000\137\000b\000r\000a\000s\000i\000l\000\050\000\051}{subsection.5.2.3}% 28
\BOOKMARK [3][-]{subsubsection.5.2.3.2}{\376\377\0005\000.\0002\000.\0003\000.\0002\000\040\000g\000e\000t\000\137\000a\000l\000l\000\137\000d\000a\000t\000a\000\050\000\051}{subsection.5.2.3}% 29
\BOOKMARK [3][-]{subsubsection.5.2.3.3}{\376\377\0005\000.\0002\000.\0003\000.\0003\000\040\000g\000e\000t\000\137\000d\000a\000t\000a\000\137\000f\000r\000o\000m\000\137\000c\000l\000i\000e\000n\000t\000\050\000\051}{subsection.5.2.3}% 30
\BOOKMARK [3][-]{subsubsection.5.2.3.4}{\376\377\0005\000.\0002\000.\0003\000.\0004\000\040\000m\000a\000i\000n\000l\000o\000o\000p\000\050\000\051}{subsection.5.2.3}% 31
\BOOKMARK [3][-]{subsubsection.5.2.3.5}{\376\377\0005\000.\0002\000.\0003\000.\0005\000\040\000s\000a\000v\000e\000\137\000h\000i\000s\000t\000o\000r\000i\000c\000\050\000\051}{subsection.5.2.3}% 32
\BOOKMARK [3][-]{subsubsection.5.2.3.6}{\376\377\0005\000.\0002\000.\0003\000.\0006\000\040\000s\000e\000t\000\137\000b\000a\000c\000k\000g\000r\000o\000u\000n\000d\000\050\000\051}{subsection.5.2.3}% 33
\BOOKMARK [2][-]{subsection.5.2.4}{\376\377\0005\000.\0002\000.\0004\000\040\000M\000e\000m\000b\000e\000r\000\040\000D\000a\000t\000a\000\040\000D\000o\000c\000u\000m\000e\000n\000t\000a\000t\000i\000o\000n}{section.5.2}% 34
\BOOKMARK [3][-]{subsubsection.5.2.4.1}{\376\377\0005\000.\0002\000.\0004\000.\0001\000\040\000a\000l\000t\000i\000t\000u\000d\000e}{subsection.5.2.4}% 35
\BOOKMARK [3][-]{subsubsection.5.2.4.2}{\376\377\0005\000.\0002\000.\0004\000.\0002\000\040\000i\000m\000g\000\137\000d\000a\000t\000a}{subsection.5.2.4}% 36
\BOOKMARK [3][-]{subsubsection.5.2.4.3}{\376\377\0005\000.\0002\000.\0004\000.\0003\000\040\000p\000l\000a\000c\000e\000h\000o\000l\000d\000e\000r}{subsection.5.2.4}% 37
\BOOKMARK [3][-]{subsubsection.5.2.4.4}{\376\377\0005\000.\0002\000.\0004\000.\0004\000\040\000s\000o\000c\000k}{subsection.5.2.4}% 38
\BOOKMARK [3][-]{subsubsection.5.2.4.5}{\376\377\0005\000.\0002\000.\0004\000.\0005\000\040\000t\000i\000m\000e}{subsection.5.2.4}% 39
\BOOKMARK [3][-]{subsubsection.5.2.4.6}{\376\377\0005\000.\0002\000.\0004\000.\0006\000\040\000t\000r\000a\000j\000e\000c\000t}{subsection.5.2.4}% 40
\BOOKMARK [3][-]{subsubsection.5.2.4.7}{\376\377\0005\000.\0002\000.\0004\000.\0007\000\040\000z\000o\000n\000a\000\137\000b\000r\000a\000s\000i\000l\000e\000i\000r\000a}{subsection.5.2.4}% 41
\BOOKMARK [1][-]{section.5.3}{\376\377\0005\000.\0003\000\040\000G\000P\000S\000S\000i\000m\000\040\000C\000l\000a\000s\000s\000\040\000R\000e\000f\000e\000r\000e\000n\000c\000e}{chapter.5}% 42
\BOOKMARK [2][-]{subsection.5.3.1}{\376\377\0005\000.\0003\000.\0001\000\040\000D\000e\000t\000a\000i\000l\000e\000d\000\040\000D\000e\000s\000c\000r\000i\000p\000t\000i\000o\000n}{section.5.3}% 43
\BOOKMARK [2][-]{subsection.5.3.2}{\376\377\0005\000.\0003\000.\0002\000\040\000C\000o\000n\000s\000t\000r\000u\000c\000t\000o\000r\000\040\000\046\000\040\000D\000e\000s\000t\000r\000u\000c\000t\000o\000r\000\040\000D\000o\000c\000u\000m\000e\000n\000t\000a\000t\000i\000o\000n}{section.5.3}% 44
\BOOKMARK [3][-]{subsubsection.5.3.2.1}{\376\377\0005\000.\0003\000.\0002\000.\0001\000\040\000G\000P\000S\000S\000i\000m\000\050\000\051}{subsection.5.3.2}% 45
\BOOKMARK [3][-]{subsubsection.5.3.2.2}{\376\377\0005\000.\0003\000.\0002\000.\0002\000\040\000~\000G\000P\000S\000S\000i\000m\000\050\000\051}{subsection.5.3.2}% 46
\BOOKMARK [2][-]{subsection.5.3.3}{\376\377\0005\000.\0003\000.\0003\000\040\000M\000e\000m\000b\000e\000r\000\040\000F\000u\000n\000c\000t\000i\000o\000n\000\040\000D\000o\000c\000u\000m\000e\000n\000t\000a\000t\000i\000o\000n}{section.5.3}% 47
\BOOKMARK [3][-]{subsubsection.5.3.3.1}{\376\377\0005\000.\0003\000.\0003\000.\0001\000\040\000g\000e\000t\000\137\000p\000a\000t\000h\000\137\000p\000s\000e\000u\000d\000o\000\137\000t\000e\000r\000m\000\050\000\051}{subsection.5.3.3}% 48
\BOOKMARK [3][-]{subsubsection.5.3.3.2}{\376\377\0005\000.\0003\000.\0003\000.\0002\000\040\000i\000n\000i\000t\000\050\000\051}{subsection.5.3.3}% 49
\BOOKMARK [3][-]{subsubsection.5.3.3.3}{\376\377\0005\000.\0003\000.\0003\000.\0003\000\040\000l\000o\000o\000p\000\050\000\051}{subsection.5.3.3}% 50
\BOOKMARK [3][-]{subsubsection.5.3.3.4}{\376\377\0005\000.\0003\000.\0003\000.\0004\000\040\000s\000t\000o\000p\000\050\000\051}{subsection.5.3.3}% 51
\BOOKMARK [3][-]{subsubsection.5.3.3.5}{\376\377\0005\000.\0003\000.\0003\000.\0005\000\040\000u\000p\000d\000a\000t\000e\000\050\000\051}{subsection.5.3.3}% 52
\BOOKMARK [2][-]{subsection.5.3.4}{\376\377\0005\000.\0003\000.\0004\000\040\000M\000e\000m\000b\000e\000r\000\040\000D\000a\000t\000a\000\040\000D\000o\000c\000u\000m\000e\000n\000t\000a\000t\000i\000o\000n}{section.5.3}% 53
\BOOKMARK [3][-]{subsubsection.5.3.4.1}{\376\377\0005\000.\0003\000.\0004\000.\0001\000\040\000a\000l\000t}{subsection.5.3.4}% 54
\BOOKMARK [3][-]{subsubsection.5.3.4.2}{\376\377\0005\000.\0003\000.\0004\000.\0002\000\040\000c\000a\000m\000i\000n\000h\000o\000\137\000d\000o\000\137\000p\000s\000e\000u\000d\000o\000\137\000t\000e\000r\000m\000i\000n\000a\000l}{subsection.5.3.4}% 55
\BOOKMARK [3][-]{subsubsection.5.3.4.3}{\376\377\0005\000.\0003\000.\0004\000.\0003\000\040\000f\000d\000\137\000f\000i\000l\000h\000o}{subsection.5.3.4}% 56
\BOOKMARK [3][-]{subsubsection.5.3.4.4}{\376\377\0005\000.\0003\000.\0004\000.\0004\000\040\000f\000d\000\137\000p\000a\000i}{subsection.5.3.4}% 57
\BOOKMARK [3][-]{subsubsection.5.3.4.5}{\376\377\0005\000.\0003\000.\0004\000.\0005\000\040\000i\000s\000\137\000e\000x\000e\000c}{subsection.5.3.4}% 58
\BOOKMARK [3][-]{subsubsection.5.3.4.6}{\376\377\0005\000.\0003\000.\0004\000.\0006\000\040\000l\000a\000t}{subsection.5.3.4}% 59
\BOOKMARK [3][-]{subsubsection.5.3.4.7}{\376\377\0005\000.\0003\000.\0004\000.\0007\000\040\000l\000o\000n}{subsection.5.3.4}% 60
\BOOKMARK [3][-]{subsubsection.5.3.4.8}{\376\377\0005\000.\0003\000.\0004\000.\0008\000\040\000t\000o\000\137\000m\000o\000v\000e}{subsection.5.3.4}% 61
\BOOKMARK [3][-]{subsubsection.5.3.4.9}{\376\377\0005\000.\0003\000.\0004\000.\0009\000\040\000w\000o\000r\000k\000e\000r}{subsection.5.3.4}% 62
\BOOKMARK [1][-]{section.5.4}{\376\377\0005\000.\0004\000\040\000G\000P\000S\000T\000r\000a\000c\000k\000e\000r\000\040\000C\000l\000a\000s\000s\000\040\000R\000e\000f\000e\000r\000e\000n\000c\000e}{chapter.5}% 63
\BOOKMARK [2][-]{subsection.5.4.1}{\376\377\0005\000.\0004\000.\0001\000\040\000D\000e\000t\000a\000i\000l\000e\000d\000\040\000D\000e\000s\000c\000r\000i\000p\000t\000i\000o\000n}{section.5.4}% 64
\BOOKMARK [2][-]{subsection.5.4.2}{\376\377\0005\000.\0004\000.\0002\000\040\000C\000o\000n\000s\000t\000r\000u\000c\000t\000o\000r\000\040\000\046\000\040\000D\000e\000s\000t\000r\000u\000c\000t\000o\000r\000\040\000D\000o\000c\000u\000m\000e\000n\000t\000a\000t\000i\000o\000n}{section.5.4}% 65
\BOOKMARK [3][-]{subsubsection.5.4.2.1}{\376\377\0005\000.\0004\000.\0002\000.\0001\000\040\000G\000P\000S\000T\000r\000a\000c\000k\000e\000r\000\050\000\051}{subsection.5.4.2}% 66
\BOOKMARK [3][-]{subsubsection.5.4.2.2}{\376\377\0005\000.\0004\000.\0002\000.\0002\000\040\000~\000G\000P\000S\000T\000r\000a\000c\000k\000e\000r\000\050\000\051}{subsection.5.4.2}% 67
\BOOKMARK [2][-]{subsection.5.4.3}{\376\377\0005\000.\0004\000.\0003\000\040\000M\000e\000m\000b\000e\000r\000\040\000F\000u\000n\000c\000t\000i\000o\000n\000\040\000D\000o\000c\000u\000m\000e\000n\000t\000a\000t\000i\000o\000n}{section.5.4}% 68
\BOOKMARK [3][-]{subsubsection.5.4.3.1}{\376\377\0005\000.\0004\000.\0003\000.\0001\000\040\000i\000n\000i\000t\000\050\000\051}{subsection.5.4.3}% 69
\BOOKMARK [3][-]{subsubsection.5.4.3.2}{\376\377\0005\000.\0004\000.\0003\000.\0002\000\040\000l\000o\000o\000p\000\050\000\051}{subsection.5.4.3}% 70
\BOOKMARK [3][-]{subsubsection.5.4.3.3}{\376\377\0005\000.\0004\000.\0003\000.\0003\000\040\000o\000p\000e\000n\000\137\000s\000e\000r\000i\000a\000l\000\050\000\051}{subsection.5.4.3}% 71
\BOOKMARK [3][-]{subsubsection.5.4.3.4}{\376\377\0005\000.\0004\000.\0003\000.\0004\000\040\000r\000e\000a\000d\000\137\000s\000e\000r\000i\000a\000l\000\050\000\051}{subsection.5.4.3}% 72
\BOOKMARK [3][-]{subsubsection.5.4.3.5}{\376\377\0005\000.\0004\000.\0003\000.\0005\000\040\000s\000e\000n\000d\000\050\000\051}{subsection.5.4.3}% 73
\BOOKMARK [3][-]{subsubsection.5.4.3.6}{\376\377\0005\000.\0004\000.\0003\000.\0006\000\040\000s\000p\000l\000i\000t\000\050\000\051}{subsection.5.4.3}% 74
\BOOKMARK [3][-]{subsubsection.5.4.3.7}{\376\377\0005\000.\0004\000.\0003\000.\0007\000\040\000s\000t\000o\000p\000\050\000\051}{subsection.5.4.3}% 75
\BOOKMARK [2][-]{subsection.5.4.4}{\376\377\0005\000.\0004\000.\0004\000\040\000M\000e\000m\000b\000e\000r\000\040\000D\000a\000t\000a\000\040\000D\000o\000c\000u\000m\000e\000n\000t\000a\000t\000i\000o\000n}{section.5.4}% 76
\BOOKMARK [3][-]{subsubsection.5.4.4.1}{\376\377\0005\000.\0004\000.\0004\000.\0001\000\040\000a\000d\000d\000r\000\137\000d\000e\000s\000t}{subsection.5.4.4}% 77
\BOOKMARK [3][-]{subsubsection.5.4.4.2}{\376\377\0005\000.\0004\000.\0004\000.\0002\000\040\000f\000d\000\137\000s\000e\000r\000i\000a\000l}{subsection.5.4.4}% 78
\BOOKMARK [3][-]{subsubsection.5.4.4.3}{\376\377\0005\000.\0004\000.\0004\000.\0003\000\040\000i\000p\000\137\000d\000e\000s\000t\000i\000n\000o}{subsection.5.4.4}% 79
\BOOKMARK [3][-]{subsubsection.5.4.4.4}{\376\377\0005\000.\0004\000.\0004\000.\0004\000\040\000i\000s\000\137\000e\000x\000e\000c}{subsection.5.4.4}% 80
\BOOKMARK [3][-]{subsubsection.5.4.4.5}{\376\377\0005\000.\0004\000.\0004\000.\0005\000\040\000l\000a\000s\000t\000\137\000d\000a\000t\000a\000\137\000g\000i\000v\000e\000n}{subsection.5.4.4}% 81
\BOOKMARK [3][-]{subsubsection.5.4.4.6}{\376\377\0005\000.\0004\000.\0004\000.\0006\000\040\000p\000o\000r\000t\000a\000\137\000d\000e\000s\000t\000i\000n\000o}{subsection.5.4.4}% 82
\BOOKMARK [3][-]{subsubsection.5.4.4.7}{\376\377\0005\000.\0004\000.\0004\000.\0007\000\040\000p\000o\000r\000t\000a\000\137\000s\000e\000r\000i\000a\000l}{subsection.5.4.4}% 83
\BOOKMARK [3][-]{subsubsection.5.4.4.8}{\376\377\0005\000.\0004\000.\0004\000.\0008\000\040\000s\000o\000c\000k\000f\000d}{subsection.5.4.4}% 84
\BOOKMARK [3][-]{subsubsection.5.4.4.9}{\376\377\0005\000.\0004\000.\0004\000.\0009\000\040\000w\000o\000r\000k\000e\000r}{subsection.5.4.4}% 85
\BOOKMARK [1][-]{section.5.5}{\376\377\0005\000.\0005\000\040\000G\000P\000S\000S\000i\000m\000:\000:\000N\000M\000E\000A\000G\000e\000n\000e\000r\000a\000t\000o\000r\000\040\000C\000l\000a\000s\000s\000\040\000R\000e\000f\000e\000r\000e\000n\000c\000e}{chapter.5}% 86
\BOOKMARK [2][-]{subsection.5.5.1}{\376\377\0005\000.\0005\000.\0001\000\040\000D\000e\000t\000a\000i\000l\000e\000d\000\040\000D\000e\000s\000c\000r\000i\000p\000t\000i\000o\000n}{section.5.5}% 87
\BOOKMARK [2][-]{subsection.5.5.2}{\376\377\0005\000.\0005\000.\0002\000\040\000M\000e\000m\000b\000e\000r\000\040\000F\000u\000n\000c\000t\000i\000o\000n\000\040\000D\000o\000c\000u\000m\000e\000n\000t\000a\000t\000i\000o\000n}{section.5.5}% 88
\BOOKMARK [3][-]{subsubsection.5.5.2.1}{\376\377\0005\000.\0005\000.\0002\000.\0001\000\040\000b\000u\000i\000l\000d\000\137\000n\000m\000e\000a\000\137\000s\000t\000r\000i\000n\000g\000\050\000\051}{subsection.5.5.2}% 89
\BOOKMARK [3][-]{subsubsection.5.5.2.2}{\376\377\0005\000.\0005\000.\0002\000.\0002\000\040\000d\000e\000g\000r\000e\000e\000s\000\137\000t\000o\000\137\000N\000M\000E\000A\000\050\000\051}{subsection.5.5.2}% 90
\BOOKMARK [3][-]{subsubsection.5.5.2.3}{\376\377\0005\000.\0005\000.\0002\000.\0003\000\040\000f\000o\000r\000m\000a\000t\000\137\000i\000n\000t\000e\000g\000e\000r\000\050\000\051}{subsection.5.5.2}% 91
\BOOKMARK [3][-]{subsubsection.5.5.2.4}{\376\377\0005\000.\0005\000.\0002\000.\0004\000\040\000g\000e\000n\000e\000r\000a\000t\000e\000\137\000g\000g\000a\000\050\000\051}{subsection.5.5.2}% 92
\BOOKMARK [3][-]{subsubsection.5.5.2.5}{\376\377\0005\000.\0005\000.\0002\000.\0005\000\040\000g\000e\000n\000e\000r\000a\000t\000e\000\137\000r\000m\000c\000\050\000\051}{subsection.5.5.2}% 93
\BOOKMARK [3][-]{subsubsection.5.5.2.6}{\376\377\0005\000.\0005\000.\0002\000.\0006\000\040\000g\000e\000t\000\137\000u\000t\000c\000\137\000t\000i\000m\000e\000\050\000\051}{subsection.5.5.2}% 94
\BOOKMARK [0][-]{chapter.6}{\376\377\0006\000\040\000F\000i\000l\000e\000\040\000D\000o\000c\000u\000m\000e\000n\000t\000a\000t\000i\000o\000n}{}% 95
\BOOKMARK [1][-]{section.6.1}{\376\377\0006\000.\0001\000\040\000s\000r\000c\000/\000d\000e\000b\000u\000g\000.\000c\000p\000p\000\040\000F\000i\000l\000e\000\040\000R\000e\000f\000e\000r\000e\000n\000c\000e}{chapter.6}% 96
\BOOKMARK [2][-]{subsection.6.1.1}{\376\377\0006\000.\0001\000.\0001\000\040\000D\000e\000t\000a\000i\000l\000e\000d\000\040\000D\000e\000s\000c\000r\000i\000p\000t\000i\000o\000n}{section.6.1}% 97
\BOOKMARK [2][-]{subsection.6.1.2}{\376\377\0006\000.\0001\000.\0002\000\040\000F\000u\000n\000c\000t\000i\000o\000n\000\040\000D\000o\000c\000u\000m\000e\000n\000t\000a\000t\000i\000o\000n}{section.6.1}% 98
\BOOKMARK [3][-]{subsubsection.6.1.2.1}{\376\377\0006\000.\0001\000.\0002\000.\0001\000\040\000m\000a\000i\000n\000\050\000\051}{subsection.6.1.2}% 99
\BOOKMARK [1][-]{section.6.2}{\376\377\0006\000.\0002\000\040\000d\000e\000b\000u\000g\000.\000c\000p\000p}{chapter.6}% 100
\BOOKMARK [1][-]{section.6.3}{\376\377\0006\000.\0003\000\040\000s\000r\000c\000/\000G\000P\000S\000M\000o\000n\000i\000t\000o\000r\000.\000p\000y\000\040\000F\000i\000l\000e\000\040\000R\000e\000f\000e\000r\000e\000n\000c\000e}{chapter.6}% 101
\BOOKMARK [2][-]{subsection.6.3.1}{\376\377\0006\000.\0003\000.\0001\000\040\000D\000e\000t\000a\000i\000l\000e\000d\000\040\000D\000e\000s\000c\000r\000i\000p\000t\000i\000o\000n}{section.6.3}% 102
\BOOKMARK [1][-]{section.6.4}{\376\377\0006\000.\0004\000\040\000G\000P\000S\000M\000o\000n\000i\000t\000o\000r\000.\000p\000y}{chapter.6}% 103
\BOOKMARK [1][-]{section.6.5}{\376\377\0006\000.\0005\000\040\000s\000r\000c\000/\000G\000P\000S\000S\000i\000m\000.\000h\000p\000p\000\040\000F\000i\000l\000e\000\040\000R\000e\000f\000e\000r\000e\000n\000c\000e}{chapter.6}% 104
\BOOKMARK [2][-]{subsection.6.5.1}{\376\377\0006\000.\0005\000.\0001\000\040\000D\000e\000t\000a\000i\000l\000e\000d\000\040\000D\000e\000s\000c\000r\000i\000p\000t\000i\000o\000n}{section.6.5}% 105
\BOOKMARK [1][-]{section.6.6}{\376\377\0006\000.\0006\000\040\000G\000P\000S\000S\000i\000m\000.\000h\000p\000p}{chapter.6}% 106
\BOOKMARK [1][-]{section.6.7}{\376\377\0006\000.\0007\000\040\000s\000r\000c\000/\000G\000P\000S\000T\000r\000a\000c\000k\000e\000r\000.\000h\000p\000p\000\040\000F\000i\000l\000e\000\040\000R\000e\000f\000e\000r\000e\000n\000c\000e}{chapter.6}% 107
\BOOKMARK [2][-]{subsection.6.7.1}{\376\377\0006\000.\0007\000.\0001\000\040\000D\000e\000t\000a\000i\000l\000e\000d\000\040\000D\000e\000s\000c\000r\000i\000p\000t\000i\000o\000n}{section.6.7}% 108
\BOOKMARK [1][-]{section.6.8}{\376\377\0006\000.\0008\000\040\000G\000P\000S\000T\000r\000a\000c\000k\000e\000r\000.\000h\000p\000p}{chapter.6}% 109
\BOOKMARK [1][-]{section.6.9}{\376\377\0006\000.\0009\000\040\000s\000r\000c\000/\000m\000a\000i\000n\000.\000c\000p\000p\000\040\000F\000i\000l\000e\000\040\000R\000e\000f\000e\000r\000e\000n\000c\000e}{chapter.6}% 110
\BOOKMARK [2][-]{subsection.6.9.1}{\376\377\0006\000.\0009\000.\0001\000\040\000D\000e\000t\000a\000i\000l\000e\000d\000\040\000D\000e\000s\000c\000r\000i\000p\000t\000i\000o\000n}{section.6.9}% 111
\BOOKMARK [2][-]{subsection.6.9.2}{\376\377\0006\000.\0009\000.\0002\000\040\000F\000u\000n\000c\000t\000i\000o\000n\000\040\000D\000o\000c\000u\000m\000e\000n\000t\000a\000t\000i\000o\000n}{section.6.9}% 112
\BOOKMARK [3][-]{subsubsection.6.9.2.1}{\376\377\0006\000.\0009\000.\0002\000.\0001\000\040\000m\000a\000i\000n\000\050\000\051}{subsection.6.9.2}% 113
\BOOKMARK [1][-]{section.6.10}{\376\377\0006\000.\0001\0000\000\040\000m\000a\000i\000n\000.\000c\000p\000p}{chapter.6}% 114
\BOOKMARK [0][-]{section*.36}{\376\377\000I\000n\000d\000e\000x}{}% 115
